// Jest Snapshot v1, https://goo.gl/fbAQLP

exports[`matches the snapshot 1`] = `
<div
  className="todolist"
>
  <h3>
    Все дела завершены! Добавьте новое
  </h3>
  <AddTask
    onClick={[Function]}
    onCreate={[Function]}
  />
  <TasksList
    onCheck={[Function]}
    onDelete={[Function]}
    tasks={Array []}
  />
  <Footer
    filter="all"
    onClearCompleted={[Function]}
    onFilterChanged={[Function]}
    tasks={Array []}
  />
</div>
`;
